Archive member included because of file (symbol)

C:/Dev-Cpp/lib/libwsock32.a(dywds00061.o)
                              obj/networkmessage.o (recv@16)
C:/Dev-Cpp/lib/libwsock32.a(dywds00026.o)
                              obj/networkmessage.o (WSAGetLastError@0)
C:/Dev-Cpp/lib/libwsock32.a(dywds00056.o)
                              obj/networkmessage.o (ioctlsocket@12)
C:/Dev-Cpp/lib/libwsock32.a(dywds00067.o)
                              obj/networkmessage.o (send@16)
C:/Dev-Cpp/lib/libwsock32.a(dywds00044.o)
                              obj/otserv.o (getpeername@12)
C:/Dev-Cpp/lib/libwsock32.a(dywds00037.o)
                              obj/otserv.o (closesocket@4)
C:/Dev-Cpp/lib/libwsock32.a(dywds00031.o)
                              obj/otserv.o (WSAStartup@8)
C:/Dev-Cpp/lib/libwsock32.a(dywds00025.o)
                              obj/otserv.o (WSACleanup@0)
C:/Dev-Cpp/lib/libwsock32.a(dywds00053.o)
                              obj/otserv.o (inet_addr@4)
C:/Dev-Cpp/lib/libwsock32.a(dywds00042.o)
                              obj/otserv.o (gethostname@8)
C:/Dev-Cpp/lib/libwsock32.a(dywds00041.o)
                              obj/otserv.o (gethostbyname@4)
C:/Dev-Cpp/lib/libwsock32.a(dywds00052.o)
                              obj/otserv.o (htons@4)
C:/Dev-Cpp/lib/libwsock32.a(dywds00051.o)
                              obj/otserv.o (htonl@4)
C:/Dev-Cpp/lib/libwsock32.a(dywds00072.o)
                              obj/otserv.o (socket@12)
C:/Dev-Cpp/lib/libwsock32.a(dywds00036.o)
                              obj/otserv.o (bind@12)
C:/Dev-Cpp/lib/libwsock32.a(dywds00057.o)
                              obj/otserv.o (listen@8)
C:/Dev-Cpp/lib/libwsock32.a(dywds00066.o)
                              obj/otserv.o (select@20)
C:/Dev-Cpp/lib/libwsock32.a(dywds00035.o)
                              obj/otserv.o (accept@12)
C:/Dev-Cpp/lib/libwsock32.a(dywdh.o)
                              C:/Dev-Cpp/lib/libwsock32.a(dywds00061.o) (_head_libwsock32_a)
C:/Dev-Cpp/lib/libwsock32.a(dywdt.o)
                              C:/Dev-Cpp/lib/libwsock32.a(dywdh.o) (_libwsock32_a_iname)
C:/Dev-Cpp/lib\libboost_regex-mgw-mt-s-1_33_1.lib(instances.obj)
                              obj/aac.o (boost::cpp_regex_traits<char>::toi(char const*&, char const*, int) const)
C:/Dev-Cpp/lib\libboost_regex-mgw-mt-s-1_33_1.lib(regex_raw_buffer.obj)
                              obj/aac.o (boost::re_detail::raw_storage::insert(unsigned int, unsigned int))
C:/Dev-Cpp/lib\libboost_regex-mgw-mt-s-1_33_1.lib(regex_traits_defaults.obj)
                              obj/aac.o (boost::re_detail::get_default_error_string(boost::regex_constants::error_type))
C:/Dev-Cpp/lib\libboost_regex-mgw-mt-s-1_33_1.lib(regex.obj)
                              obj/aac.o (boost::regex_error::regex_error(std::string const&, boost::regex_constants::error_type, int))
C:/Dev-Cpp/lib\libboost_regex-mgw-mt-s-1_33_1.lib(static_mutex.obj)
                              C:/Dev-Cpp/lib\libboost_regex-mgw-mt-s-1_33_1.lib(instances.obj) (boost::scoped_static_mutex_lock::scoped_static_mutex_lock(boost::static_mutex&, bool))
C:/Dev-Cpp/lib\libboost_regex-mgw-mt-s-1_33_1.lib(cpp_regex_traits.obj)
                              C:/Dev-Cpp/lib\libboost_regex-mgw-mt-s-1_33_1.lib(instances.obj) (boost::re_detail::cpp_regex_traits_char_layer<char>::init())
C:/Dev-Cpp/lib/libstdc++.a(tinfo.o)
                              obj/actions.o (__dynamic_cast)
C:/Dev-Cpp/lib/libstdc++.a(streambuf-inst.o)
                              obj/aac.o (std::basic_streambuf<char, std::char_traits<char> >::~basic_streambuf())
C:/Dev-Cpp/lib/libstdc++.a(eh_personality.o)
                              obj/aac.o (__gxx_personality_sj0)
C:/Dev-Cpp/lib/libstdc++.a(string-inst.o)
                              obj/commands.o (std::string::find(char const*, unsigned int, unsigned int) const)
C:/Dev-Cpp/lib/libstdc++.a(fstream-inst.o)
                              obj/aac.o (std::basic_filebuf<char, std::char_traits<char> >::open(char const*, std::_Ios_Openmode))
C:/Dev-Cpp/lib/libstdc++.a(io-inst.o)
                              obj/aac.o (std::basic_ios<char, std::char_traits<char> >::clear(std::_Ios_Iostate))
C:/Dev-Cpp/lib/libstdc++.a(sstream-inst.o)
                              obj/game.o (std::basic_stringstream<char, std::char_traits<char>, std::allocator<char> >::~basic_stringstream())
C:/Dev-Cpp/lib/libstdc++.a(ios_init.o)
                              obj/aac.o (std::ios_base::Init::~Init())
C:/Dev-Cpp/lib/libstdc++.a(stdexcept.o)
                              obj/scheduler.o (std::runtime_error::what() const)
C:/Dev-Cpp/lib/libstdc++.a(pure.o)
                              obj/aac.o (__cxa_pure_virtual)
C:/Dev-Cpp/lib/libstdc++.a(istream-inst.o)
                              C:/Dev-Cpp/lib/libstdc++.a(fstream-inst.o) (std::basic_istream<char, std::char_traits<char> >::~basic_istream())
C:/Dev-Cpp/lib/libstdc++.a(functexcept.o)
[...]
Memory Configuration

Name             Origin             Length             Attributes
*default*        0x00000000         0xffffffff

Linker script and memory map

                0x00400000                __image_base__ = 0x400000
                0x00000000                __dll__ = 0x0
                0x00001000                __section_alignment__ = 0x1000
                0x00000200                __file_alignment__ = 0x200
                0x00000004                __major_os_version__ = 0x4
                0x00000000                __minor_os_version__ = 0x0
                0x00000001                __major_image_version__ = 0x1
                0x00000000                __minor_image_version__ = 0x0
                0x00000004                __major_subsystem_version__ = 0x4
                0x00000000                __minor_subsystem_version__ = 0x0
                0x00000003                __subsystem__ = 0x3
                0x00200000                __size_of_stack_reserve__ = 0x200000
                0x00001000                __size_of_stack_commit__ = 0x1000
                0x00100000                __size_of_heap_reserve__ = 0x100000
                0x00001000                __size_of_heap_commit__ = 0x1000
                0x00000000                __loader_flags__ = 0x0
LOAD C:/Dev-Cpp/Bin/../lib/gcc/mingw32/3.4.2/../../../crt2.o
LOAD C:/Dev-Cpp/Bin/../lib/gcc/mingw32/3.4.2/crtbegin.o
LOAD obj/aac.o
LOAD obj/account.o
LOAD obj/actions.o
LOAD obj/allocator.o
LOAD obj/chat.o
LOAD obj/commands.o
LOAD obj/container.o
LOAD obj/creature.o
LOAD obj/exception.o
LOAD obj/fileloader.o
LOAD obj/game.o
LOAD obj/guilds.o
LOAD obj/houses.o
LOAD obj/ioaccount.o
LOAD obj/ioaccountxml.o
LOAD obj/iomapbin.o
LOAD obj/iomapotbm.o
LOAD obj/iomapxml.o
LOAD obj/ioplayer.o
LOAD obj/ioplayerxml.o
LOAD obj/item.o
LOAD obj/itemloader.o
LOAD obj/items.o
LOAD obj/logger.o
LOAD obj/loginqueue.o
LOAD obj/luascript.o
LOAD obj/magic.o
LOAD obj/map.o
LOAD obj/md5.o
LOAD obj/monster.o
LOAD obj/monsters.o
LOAD obj/networkmessage.o
LOAD obj/npc.o
LOAD obj/otserv.o
LOAD obj/player.o
LOAD obj/position.o
LOAD obj/protocol.o
LOAD obj/protocol76.o
LOAD obj/pvparena.o
LOAD obj/readables.o
LOAD obj/scheduler.o
LOAD obj/spawn.o
LOAD obj/spells.o
LOAD obj/status.o
LOAD obj/summons.o
LOAD obj/thing.o
LOAD obj/tile.o
LOAD obj/tools.o
LOAD obj/otserv_private.res
LOAD C:/Dev-Cpp/lib/libwsock32.a
LOAD C:/Dev-Cpp/lib\libboost_regex-mgw-mt-s-1_33_1.lib
LOAD C:/Dev-Cpp/bin/libxml2.dll
LOAD C:/Dev-Cpp/bin/lua5.dll
LOAD C:/Dev-Cpp/bin/lualib5.dll
LOAD C:/Dev-Cpp/lib/libstdc++.a
LOAD C:/Dev-Cpp/lib/libmingw32.a
LOAD C:/Dev-Cpp/Bin/../lib/gcc/mingw32/3.4.2/libgcc.a
LOAD C:/Dev-Cpp/lib/libmoldname.a
LOAD C:/Dev-Cpp/lib/libmingwex.a
LOAD C:/Dev-Cpp/lib/libmsvcrt.a
LOAD C:/Dev-Cpp/lib/libuser32.a
LOAD C:/Dev-Cpp/lib/libkernel32.a
LOAD C:/Dev-Cpp/lib/libadvapi32.a
LOAD C:/Dev-Cpp/lib/libshell32.a
LOAD C:/Dev-Cpp/lib/libmingw32.a
LOAD C:/Dev-Cpp/Bin/../lib/gcc/mingw32/3.4.2/libgcc.a
LOAD C:/Dev-Cpp/lib/libmoldname.a
LOAD C:/Dev-Cpp/lib/libmingwex.a
LOAD C:/Dev-Cpp/lib/libmsvcrt.a
LOAD C:/Dev-Cpp/Bin/../lib/gcc/mingw32/3.4.2/crtend.o

.text           0x00401000   0x17d200
 *(.init)
 *(.text)
 .text          0x00401000      0x280 C:/Dev-Cpp/Bin/../lib/gcc/mingw32/3.4.2/../../../crt2.o
                0x00401240                WinMainCRTStartup
                0x00401220                mainCRTStartup
                0x00401260                atexit
                0x00401270                _onexit
 .text          0x00401280       0x10 C:/Dev-Cpp/Bin/../lib/gcc/mingw32/3.4.2/crtbegin.o
                0x00401280                __do_sjlj_init
 .text          0x00401290     0x29a0 obj/aac.o
                0x00401290                AccountCreator::uniqueAccountNumber()
                0x00402040                AccountCreator::process(std::string)
 .text          0x00403c30      0x5f0 obj/account.o
                0x00403c30                Account::~Account()
                0x00404110                Account::Account()
                0x00403ea0                Account::~Account()
                0x00404150                Account::Account()
 .text          0x00404220     0xb260 obj/actions.o
                0x0040a8e0                ActionScript::luaActionDoSendCancel(lua_State*)
                0x00405360                ActionScript::internalAddThing(lua_State*, Thing const*, unsigned int)
                0x0040aa40                ActionScript::luaActionDoFeedPlayer(lua_State*)
                0x0040d810                ActionScript::luaActionDoPlayerAddItem(lua_State*)
                0x00409b60                ActionScript::luaActionDoPlayerSendTextMessage(lua_State*)
                0x0040a570                ActionScript::luaActionDoPlayerSay(lua_State*)
                0x00407940                ActionScript::~ActionScript()
                0x00407730                ActionScript::ClearMap()
                0x0040abc0                ActionScript::luaActionDoPlayerRemoveItem(lua_State*)
                0x004086d0                Actions::loadFromXml(std::string const&)
                0x00405550                ActionScript::internalGetPositionEx(lua_State*, PositionEx&)
                0x004090d0                ActionScript::GetPlayerByUID(int)
                0x0040b810                ActionScript::luaActionDoSetItemText(lua_State*)
                0x00408240                ActionScript::luaActionDoSendMagicEffect(lua_State*)
                0x0040b300                ActionScript::luaActionGetPlayerMasterPos(lua_State*)
                0x00409820                ActionScript::luaActionGetPlayerStorageValue(lua_State*)
                0x004068a0                Action::Action(Game*, std::string const&, std::string const&)
                0x00404280                Actions::canUseFar(Player const*, Position const&, bool) const
                0x004061b0                Actions::Actions(Game*)
                0x0040d530                ActionScript::luaActionGetThingfromPos(lua_State*)
                0x0040e700                Actions::UseItem(Player*, Position const&, unsigned char, unsigned short, unsigned char)
                0x0040c210                ActionScript::luaActionDoChangeTypeItem(lua_State*)
                0x00407ac0                ActionScript::~ActionScript()
                0x00405260                ActionScript::internalGetRealPosition(ActionScript*, Player*, Position const&)
                0x00406240                Actions::Actions(Game*)
                0x0040ed40                ActionScript::UpdateThingPos(int, PositionEx&)
                0x0040f160                ActionScript::AddThingToMapUnique(Thing*)
                0x0040b470                ActionScript::GetItemByUID(int)
                0x0040caa0                ActionScript::AddThingToMap(Thing*, PositionEx&)
                0x00405d50                Actions::~Actions()
                0x004077c0                ActionScript::~ActionScript()
                0x00409280                ActionScript::luaActionDoPlayerSetMasterPos(lua_State*)
                0x0040c030                ActionScript::luaActionDoShowTextWindow(lua_State*)
                0x00404400                Actions::openContainer(Player*, Container*, unsigned char)
                0x00404530                Action::~Action()
                0x0040bb80                ActionScript::luaActionDoSetItemActionId(lua_State*)
                0x00409660                ActionScript::luaActionSetPlayerStorageValue(lua_State*)
                0x00405f80                Actions::~Actions()
                0x004045b0                ActionScript::registerFunctions()
                0x0040b320                ActionScript::luaActionGetPlayerVocation(lua_State*)
                0x0040b380                ActionScript::luaActionGetPlayerHealth(lua_State*)
                0x004058d0                ActionScript::luaActionGetItemName(lua_State*)
                0x004044f0                Action::~Action()
                0x00408f10                ActionScript::GetThingByUID(int)
                0x0040b420                ActionScript::luaActionGetPlayerFood(lua_State*)
                0x0040bdb0                ActionScript::luaActionDoDecayItem(lua_State*)
                0x0040cea0                ActionScript::luaActionDoSummonCreature(lua_State*)
                0x0040bef0                ActionScript::luaActionGetItemRWInfo(lua_State*)
                0x0040b400                ActionScript::luaActionGetPlayerAccess(lua_State*)
                0x00404570                Action::~Action()
                0x0040b3c0                ActionScript::luaActionGetPlayerMagLevel(lua_State*)
                0x004094d0                ActionScript::luaActionDoPlayerRemoveMoney(lua_State*)
                0x0040b360                ActionScript::luaActionGetPlayerName(lua_State*)
                0x0040b2e0                ActionScript::luaActionGetPlayerGuildId(lua_State*)
                0x004056d0                ActionScript::luaActionGetTilePzInfo(lua_State*)
                0x00407160                ActionScript::ActionScript(Game*, std::string const&, std::string const&)
                0x00405620                ActionScript::getActionScript(lua_State*)
                0x00404220                Actions::canUse(Player const*, Position const&) const
                0x0040b4a0                ActionScript::luaActionDoSetItemSpecialDescription(lua_State*)
                0x0040a3b0                ActionScript::luaActionDoPlayerAddSkillTry(lua_State*)
                0x0040d280                ActionScript::luaActionDoCreateItem(lua_State*)
                0x0040ede0                ActionScript::luaActionDoTeleportThing(lua_State*)
                0x00407070                Action::Action(Game*, std::string const&, std::string const&)
                0x0040c730                ActionScript::luaActionDoRemoveItem(lua_State*)
                0x004044a0                readXMLInteger(_xmlNode*, char const*, int&)
                0x0040db60                Action::executeUse(Player*, Item*, PositionEx&, PositionEx&)
                0x0040b340                ActionScript::luaActionGetPlayerPosition(lua_State*)
                0x004052e0                ActionScript::internalAddPositionEx(lua_State*, PositionEx const&)
                0x004056a0                ActionScript::internalGetString(lua_State*)
                0x0040b3e0                ActionScript::luaActionGetPlayerLevel(lua_State*)
                0x00407c40                ActionScript::luaActionDoSendAnimatedText(lua_State*)
                0x004062d0                ActionScript::ActionScript(Game*, std::string const&, std::string const&)
                0x00409ed0                ActionScript::luaActionDoPlayerAddHealth(lua_State*)
                0x0040c4a0                ActionScript::luaActionDoTransformItem(lua_State*)
                0x0040e050                Actions::UseItemEx(Player*, Position const&, unsigned char, Position const&, unsigned char, unsigned short)
                0x00406990                Actions::loadAction(_xmlNode*)
                0x004055d0                ActionScript::internalGetNumber(lua_State*)
                0x0040b3a0                ActionScript::luaActionGetPlayerMana(lua_State*)
                0x0040ad90                ActionScript::internalGetPlayerInfo(lua_State*, ePlayerInfo)
                0x00409100                ActionScript::luaActionDoPlayerSetVocation(lua_State*)
                0x004099c0                ActionScript::luaActionGetPlayerSkill(lua_State*)
                0x00405a20                Actions::clear()
                0x00408ee0                Actions::reload()
                0x00405940                Actions::getAction(Item const*)
                0x00409d10                ActionScript::luaActionDoPlayerAddMana(lua_State*)
                0x0040b440                ActionScript::GetCreatureByUID(int)
                0x00405b10                Actions::~Actions()
 .text          0x0040f480     0x2330 obj/chat.o
                0x0040fd40                Chat::Chat()
                0x0040fae0                ChatChannel::ChatChannel(unsigned short, std::string)
                0x00410760                Chat::Chat()
                0x0040f500                Chat::getChannel(Player*, unsigned short)
                0x0040f640                Chat::talkToChannel(Player*, SpeakClasses, std::string&, unsigned short)
                0x0040f980                ChatChannel::ChatChannel(unsigned short, std::string)
                0x0040f480                ChatChannel::talk(Player*, SpeakClasses, std::string&, unsigned short)
                0x0040f570                Chat::getChannelName(Player*, unsigned short)
                0x0040f7c0                Chat::deleteChannel(Player*, unsigned short)
                0x0040fc40                ChatChannel::addUser(Player*)
                0x0040fcf0                Chat::addUserToChannel(Player*, unsigned short)
                0x00411420                Chat::getChannelList(Player*)
                0x0040f6e0                ChatChannel::removeUser(Player*)
                0x0040f740                Chat::removeUserFromChannel(Player*, unsigned short)
                0x004115f0                Chat::removeUserFromAllChannels(Player*)
                0x00411180                Chat::createChannel(Player*, unsigned short)
 .text          0x004117b0     0xd420 obj/commands.o
                0x00417990                Commands::showPremmy(Creature*, std::string const&, std::string const&)
                0x004122e0                Commands::promote(Creature*, std::string const&, std::string const&)
                0x004138f0                Commands::createItems(Creature*, std::string const&, std::string const&)
                0x00412970                Commands::setMaxPlayers(Creature*, std::string const&, std::string const&)
                0x004186b0                Commands::showFrags(Creature*, std::string const&, std::string const&)
                0x0041e0a0                Commands::Commands(Game*)
                0x004150d0                Commands::whoIsOnline(Creature*, std::string const&, std::string const&)
                0x0041c0b0                Commands::substract_contMoney(Creature*, std::string const&, std::string const&)
                0x00416590                Commands::loadXml(std::string const&)
                0x00411f90                Commands::openServer(Creature*, std::string const&, std::string const&)
                0x00412040                Commands::goUp(Creature*, std::string const&, std::string const&)
                0x004117b0                Commands::placeNpc(Creature*, std::string const&, std::string const&)
                0x00412200                Commands::unkill(Creature*, std::string const&, std::string const&)
                0x004132c0                Commands::showExpForLvl(Creature*, std::string const&, std::string const&)
                0x00415b70                Commands::exeCommand(Creature*, std::string const&)
                0x00412270                Commands::forceServerSave(Creature*, std::string const&, std::string const&)
                0x0041e560                Commands::Commands(Game*)
                0x00411a20                Commands::placeMonster(Creature*, std::string const&, std::string const&)
                0x0041a2d0                Commands::onlineList(Creature*, std::string const&, std::string const&)
                0x00412c90                Commands::showManaForLvl(Creature*, std::string const&, std::string const&)
                0x004121a0                Commands::banCharacter(Creature*, std::string const&, std::string const&)
                0x00418e40                Commands::showUptime(Creature*, std::string const&, std::string const&)
                0x0041b440                Commands::getInfo(Creature*, std::string const&, std::string const&)
                0x004125b0                Commands::testCommand(Creature*, std::string const&, std::string const&)
                0x00415570                Commands::report(Creature*, std::string const&, std::string const&)
                0x00417380                Commands::gmInvisible(Creature*, std::string const&, std::string const&)
                0x00415510                Commands::closeServer(Creature*, std::string const&, std::string const&)
                0x004123b0                Commands::setWorldType(Creature*, std::string const&, std::string const&)
                0x00416e30                Commands::reloadInfo(Creature*, std::string const&, std::string const&)
                0x00411f40                Commands::teleportHere(Creature*, std::string const&, std::string const&)
                0x0041d2f0                Commands::setSpeed(Creature*, std::string const&, std::string const&)
                0x00411c60                Commands::placeSummon(Creature*, std::string const&, std::string const&)
                0x00419970                Commands::showPos(Creature*, std::string const&, std::string const&)
                0x00412210                Commands::reloadRights(Creature*, std::string const&, std::string const&)
                0x0041ea20                Commands::banPlayer(Creature*, std::string const&, std::string const&)
                0x004120f0                Commands::goDown(Creature*, std::string const&, std::string const&)
                0x00416dc0                Commands::reload()
                0x00411fb0                Commands::kickPlayer(Creature*, std::string const&, std::string const&)
                0x00411ed0                Commands::broadcastMessage(Creature*, std::string const&, std::string const&)
                0x004144a0                Commands::teleportPlayerTo(Creature*, std::string const&, std::string const&)
                0x00412340                Commands::shutdown(Creature*, std::string const&, std::string const&)
                0x00413d00                Commands::premmy(Creature*, std::string const&, std::string const&)
                0x00418080                Commands::cleanMap(Creature*, std::string const&, std::string const&)
                0x00412490                Commands::teleportNTiles(Creature*, std::string const&, std::string const&)
                0x00412620                Commands::setHouseOwner(Creature*, std::string const&, std::string const&)
                0x00414ab0                Commands::teleportTo(Creature*, std::string const&, std::string const&)
                0x00411f00                Commands::teleportMasterPos(Creature*, std::string const&, std::string const&)
 .text          0x0041ebd0     0x1a60 obj/container.o
                0x0041f420                Container::addItem(Item*)
                0x0041f730                Container::isHoldingItem(Item const*) const
                0x0041ec30                Container::getSlotNumberByItem(Item const*) const
                0x0041ebf0                Container::getTopParent() const
                0x0041ecb0                Container::getItem(unsigned long)
                0x0041f020                Container::~Container()
                0x0041ecf0                Container::removeItem(Item*)
                0x0041ec70                Container::getItem(unsigned long) const
                0x0041ebd0                Container::getTopParent()
                0x0041fb10                Container::containerContents(Container*, Container*)
                0x0041ed80                Container::~Container()
                0x0041f4d0                Container::getWeight() const
                0x0041f390                Container::moveItem(unsigned char, unsigned char)
                0x0041ec10                Container::getEnd() const
                0x0041ec20                Container::getItems() const
                0x0041f280                Container::Container(unsigned short)
                0x0041eed0                Container::~Container()
                0x0041f170                Container::Container(unsigned short)
                0x0041f930                Container::getItemHoldingCount() const
 .text          0x00420630     0x2920 obj/creature.o
                0x00420630                Creature::drainMana(long long)
                0x004220c0                Creature::addInflictedDamage(Creature*, int)
                0x00420920                Creature::getSleepTicks() const
                0x00421510                Creature::Creature()
                0x004206c0                Creature::getLostExperience()
                0x004218d0                Creature::Creature()
                0x00420ae0                Creature::setAttackedCreature(Creature const*)
                0x00420870                Creature::getStepDuration() const
                0x00420aa0                Creature::checkInvisible(int)
                0x00420b50                Creature::getTotalInflictedDamage()
                0x00420fb0                Creature::~Creature()
                0x00421260                Creature::~Creature()
                0x004206a0                Creature::setMaster(Creature*)
                0x00420cf0                Creature::~Creature()
                0x00422540                Creature::getDescription(bool) const
                0x00422430                Creature::getInflicatedDamageCreatureList()
                0x00422cc0                Creature::drainHealth(long long, std::vector<Creature*, std::allocator<Creature*> >*)
                0x00420ba0                Creature::removeSummon(Creature*)
                0x004206d0                Creature::getInflicatedDamage(Creature*)
                0x00420700                Creature::getGainedExperience(Creature*)
                0x00420c90                Creature::addSummon(Creature*)
                0x00420c30                Creature::getInflicatedDamage(unsigned long)
                0x00421cb0                Creature::addCondition(CreatureCondition const&, bool)
                0x00420830                Creature::canMovedTo(Tile const*) const
                0x00420a50                Creature::isPlayersSummon() const
 .text          0x00422f50     0x2c20 obj/exception.o
                0x00422fd0                ExceptionHandler::~ExceptionHandler()
                0x00424470                ExceptionHandler::LoadMap()
                0x00423000                printPointer(std::ostream*, unsigned long)
                0x00423070                _SEHHandler(_EXCEPTION_RECORD*, void*, _CONTEXT*, void*)
                0x00422f60                ExceptionHandler::ExceptionHandler()
                0x00422fa0                ExceptionHandler::~ExceptionHandler()
                0x00425860                ExceptionHandler::InstallHandler()
                0x00422f50                ExceptionHandler::ExceptionHandler()
                0x00422f70                ExceptionHandler::RemoveHandler()
 .text          0x00425b70     0x3020 obj/fileloader.o
                0x00425d10                FileLoader::~FileLoader()
                0x00425bd0                FileLoader::FileLoader()
                0x00428b30                FileLoader::getProps(unsigned long, PropStream&)
                0x00428050                FileLoader::getProps(unsigned long, unsigned long&)
                0x00425b70                FileLoader::FileLoader()
                0x004260e0                FileLoader::loadCacheBlock(unsigned long)
                0x00425d90                FileLoader::openFile(char const*, bool, bool)
                0x00425f20                FileLoader::setProps(void*, unsigned short)
                0x00426090                FileLoader::endNode()
                0x00426210                FileLoader::getNextNode(unsigned long, unsigned long&)
                0x00427100                FileLoader::getChildNode(unsigned long, unsigned long&)
                0x00425ca0                FileLoader::~FileLoader()
                0x00425fd0                FileLoader::startNode(unsigned char)
                0x00425c30                FileLoader::~FileLoader()
 .text          0x00428b90    0x2e080 obj/game.o
                0x00443db0                Game::autoCloseAttack(Player*, Creature*)
                0x0044f630                Game::creatureMakeMagic(Creature*, Position const&, MagicEffectClass const*)
                0x0042b720                Game::serverSave()
                0x004425f0                Game::checkLight(int)
                0x00429f80                Game::onPrepareMoveThing(Player*, slots_t, Item const*, slots_t, Item const*, int)
                0x0042e610                Game::onPvP(Creature*, Creature*, bool)
                0x004452b0                GameState::onAttack(Creature*, Position const&, MagicEffectClass const*)
                0x0042b570                Game::disbandParty(unsigned long)
                0x00432440                Game::stopEvent(unsigned long)
                0x00451e90                Game::thingMoveInternal(Creature*, unsigned short, unsigned short, unsigned char, unsigned char, unsigned short, unsigned short, unsigned short, unsigned char, unsigned char)
                0x0042a970                Game::getCreaturesOnline()
                0x00433b40                Game::playerLookInTrade(Player*, bool, int)
                0x00446d20                Game::creatureMakeDamage(Creature*, Creature*, fight_t)
                0x00429180                Game::setTile(unsigned short, unsigned short, unsigned char, unsigned short)
                0x0042a310                Game::creatureTalkToChannel(Player*, SpeakClasses, std::string&, unsigned short)
                0x00440460                GameState::onAttackedCreature(Tile*, Creature*, Creature*, long long, bool)
                0x0042a2f0                Game::getSpectators(Range const&, std::list<Creature*, std::allocator<Creature*> >&)
                0x0042a630                Game::playerUseItem(Player*, Position const&, unsigned char, unsigned short, unsigned char)
                0x0044e870                Game::creatureSay(Creature*, SpeakClasses, std::string const&)
                0x00429e40                Game::onPrepareMoveThing(Player*, Position const&, Item const*, slots_t, int)
                0x00429150                Game::getTile(unsigned short, unsigned short, unsigned char)
                0x00430020                Game::removeThing(Player*, Position const&, Thing*, bool)
                0x00437910                Game::addPlayerBuffer(Player*)
                0x0042a150                Game::onPrepareMoveThing(Player*, Item const*, slots_t, int)
                0x004541c0                Game::thingMove(Creature*, Thing*, unsigned short, unsigned short, unsigned char, unsigned char)
                0x004294e0                Game::onPrepareMoveThing(Creature*, Thing const*, Tile const*, Tile const*, int)
                0x00429ff0                Game::onPrepareMoveThing(Player*, Container const*, Item const*, slots_t, Item const*, int)
                0x0044aef0                Game::placeCreature(Position&, Creature*, int*)
                0x0042c350                Game::getCreatureByName(std::string const&)
                0x004322f0                GameState::GameState(Game*, Range const&)
                0x0043cc70                Game::thingMoveInternal(Player*, unsigned char, unsigned char, unsigned short, bool, unsigned char, unsigned char, bool, unsigned char)
                0x0043f6d0                Game::thingMove(Player*, unsigned char, unsigned char, unsigned short, bool, unsigned char, unsigned char, bool, unsigned char)
                0x0042d450                Game::getPlayerByID(unsigned long)
                0x0042ed70                Game::creatureBroadcastTileUpdated(Position const&)
                0x00442350                Game::addEvent(SchedulerTask*)
                0x004511e0                Game::checkCreature(unsigned long)
                0x0042af80                Game::vipLogout(std::string)
                0x00430dd0                Game::creatureYell(Creature*, std::string&)
                0x004321a0                GameState::GameState(Game*, Range const&)
                0x00442980                Game::checkShutdown(int)
                0x00428bf0                GameState::applyAmulets(Player*, int, attacktype_t)
                0x0042b8b0                Game::creatureBroadcastMessage(Creature*, std::string const&)
                0x00454320                Game::checkPlayerWalk(unsigned long)
                0x0042d580                Game::creatureSaySpell(Creature*, std::string const&)
                0x0044ee80                Game::loadNpcs()
                0x0042a950                Game::getMonstersOnline()
                0x0042d410                Game::getCreatureByID(unsigned long)
                0x00443430                Game::sheduleShutdown(int)
                0x00436160                Game::creatureSpeakTo(Creature*, SpeakClasses, std::string const&, std::string const&)
                0x00442130                Game::eventThread(void*)
                0x0042f970                Game::sendRemoveThing(Player*, Position const&, Thing const*, unsigned char, bool)
                0x00431c90                Game::changeOutfit(unsigned long, int)
                0x00454880                Game::useWand(Creature*, Creature*, int)
                0x004291c0                Game::onPrepareMoveThing(Creature*, Thing const*, Position const&, Position const&, int)
                0x0044a500                Game::Game()
                0x00443450                Game::autoServerSave()
                0x004369e0                Game::resetCommandTag()
                0x0042e360                Game::Skull(Player*)
                0x0042f0d0                Game::sendUpdateThing(Player*, Position const&, Thing const*, unsigned char)
                0x00439de0                Game::thingMoveInternal(Player*, Position const&, unsigned char, unsigned short, unsigned char, unsigned char, bool, unsigned char)
                0x00448ca0                Game::checkSpawns(int)
                0x00444ad0                GameState::onAttack(Creature*, Position const&, Creature*)
                0x0042a770                Game::setMaxPlayers(unsigned int)
                0x004387d0                Game::autoCloseTrade(Item const*, bool)
                0x00435680                Game::CreateDamageUpdate(Creature*, Creature*, long long)
                0x0044b4e0                Game::placeSummon(Player*, std::string const&)
                0x0042f6e0                Game::playerRotateItem(Player*, Position const&, unsigned char, unsigned short)
                0x00429110                Game::getGameState()
                0x00432fd0                Game::LeaveParty(Player*)
                0x00434e70                Game::CreateManaDamageUpdate(Creature*, Creature*, long long)
                0x00453fb0                Game::thingMove(Creature*, unsigned short, unsigned short, unsigned char, unsigned char, unsigned short, unsigned short, unsigned short, unsigned char, unsigned char)
                0x0042a960                Game::getNpcsOnline()
                0x0042b1e0                Game::vipLogin(Player*)
                0x0043b410                Game::thingMove(Player*, Position const&, unsigned char, unsigned short, unsigned char, unsigned char, bool, unsigned char)
                0x00429c90                Game::onPrepareMoveCreature(Creature*, Creature const*, Tile const*, Tile const*)
                0x0042a930                Game::getLightLevel()
                0x0044f4c0                Game::addCommandTag(std::string)
                0x0042a410                Game::getThingMapPos(Player*, Position const&)
                0x00431320                Game::creatureWhisper(Creature*, std::string const&)
                0x00432610                Game::~Game()
                0x00455c80                Game::burstArrow(Creature*, Position const&)
                0x00431930                Game::creatureChangeOutfit(Creature*)
                0x0043b540                Game::thingMoveInternal(Player*, unsigned char, unsigned char, unsigned short, bool, Position const&, unsigned char)
                0x0042a940                Game::getPlayersOnline()
                0x00448780                Game::creatureOnPrepareMagicAttack(Creature*, Position, MagicEffectClass const*)
                0x004324f0                Game::startDecay(Item*)
                0x004307a0                Game::changeSpeed(unsigned long, unsigned short)
                0x0042e0f0                Game::creatureChangeLight(Player*, int, unsigned char, unsigned char)
                0x0042b9e0                Game::getPlayerByName(std::string const&)
                0x0043fdd0                GameState::addCreatureState(Tile*, Creature*, long long, long long, bool)
                0x004383e0                Game::playerCloseTrade(Player*)
                0x00432af0                Game::~Game()
                0x0043cb50                Game::thingMove(Player*, unsigned char, unsigned char, unsigned short, bool, Position const&, unsigned char)
                0x0042a850                Game::cleanMap()
                0x0042a590                Game::getThing(Position const&, unsigned char, Player*)
                0x00428e10                Game::creatureApplyDamage(Creature*, long long, long long&, long long&, std::vector<Creature*, std::allocator<Creature*> >*)
                0x00436a10                Game::playerRequestTrade(Player*, Position const&, unsigned char, unsigned short, unsigned long)
                0x00439640                Game::playerUseItemEx(Player*, Position const&, unsigned char, Position const&, unsigned char, unsigned short)
                0x00428b90                GameState::isPvpArena(Creature*)
                0x004564b0                Game::checkCreatureAttacking(unsigned long)
                0x004290f0                Game::setWorldType(enum_world_type)
                0x0044b700                Game::checkSpell(Player*, SpeakClasses&, std::string)
                0x00449b10                Game::Game()
                0x004377b0                Game::flushSendBuffers()
                0x00451be0                Game::creatureThrowRune(Creature*, Position const&, MagicEffectClass const&)
                0x0042a980                Game::loadMap(std::string, std::string)
                0x004498d0                Game::changeOutfitAfter(unsigned long, int, long)
                0x0043f810                Game::removeCreature(Creature*)
                0x00430210                Game::sendAddThing(Player*, Position const&, Thing const*)
                0x00429790                Game::onPrepareMoveThing(Player*, Item const*, slots_t, Container const*, Item const*, int)
                0x0042d490                Game::getPathTo(Creature*, Position, Position, bool)
                0x00430ac0                Game::creatureMonsterYell(Monster*, std::string const&)
                0x004388f0                Game::playerAcceptTrade(Player*)
                0x00429950                Game::onPrepareMoveThing(Player*, Position const&, Container const*, Item const*, Position const&, Container const*, Item const*, int)
                0x0042c950                Game::isPlayer(std::string)
                0x00437a40                Game::FreeThing(Thing*)
                0x004290d0                Game::getTile(Position const&)
                0x00438e50                Game::playerUseBattleWindow(Player*, Position&, unsigned char, unsigned short, unsigned long)
                0x00431da0                Game::creatureTurn(Creature*, Direction)
                0x00443e30                Game::teleport(Thing*, Position const&)
                0x00451da0                Game::creatureCastSpell(Creature*, Position const&, MagicEffectClass const&)
                0x004489e0                Game::playerAutoWalk(Player*, std::list<Direction, std::allocator<Direction> >&)
                0x00446bd0                Game::creatureOnPrepareAttack(Creature*, Position)
                0x004437a0                Game::playerSetAttackedCreature(Player*, unsigned long)
                0x00448f00                Game::checkDecay(int)
                0x00437b40                Game::addThing(Player*, Position const&, Thing*)
                0x0042bfd0                Game::requestAddVip(Player*, std::string const&)
 .text          0x00456c10     0x5530 obj/guilds.o
                0x00458da0                Guilds::Guild::Guild(std::string)
                0x00456c40                Guilds::Guild::save(_xmlNode*)
                0x00457680                Guilds::ReloadGuildInfo(Player*)
                0x00456ea0                Guilds::Guild::reloadGuildInfo(Player*)
                0x00457a80                Guilds::SetGuildNick(std::string, std::string)
                0x00457ef0                Guilds::SetGuildStatus(std::string, gstat_t)
                0x00459fc0                Guilds::Guild::addMember(std::string, gstat_t, std::string, std::string)
                0x00459cc0                Guilds::AddNewGuild(std::string)
                0x00458510                Guilds::Save()
                0x00458260                Guilds::GetGuildStatus(std::string)
                0x0045b6a0                Guilds::Guild::setGuildInfo(std::string, gstat_t, std::string)
                0x00457540                Guilds::Guild::setGuildStatus(std::string, gstat_t)
                0x00457470                Guilds::Guild::setGuildNick(std::string, std::string)
                0x00459200                Guilds::Guild::clearGuildInfo(std::string)
                0x00458fd0                Guilds::Guild::Guild(std::string)
                0x00459600                Guilds::DeleteGuild(std::string)
                0x00458390                Guilds::GetGuildName(std::string)
                0x004592c0                Guilds::ClearGuildInfo(std::string)
                0x004575e0                Guilds::Guild::getGuildStatus(std::string) const
                0x0045a390                Guilds::Load()
                0x0045baf0                Guilds::SetGuildInfo(std::string, gstat_t, std::string, std::string)
                0x00456c10                Guilds::Guild::getName() const
 .text          0x0045c140     0xe400 obj/houses.o
                0x00467b50                House::getDescription() const
                0x00463df0                House::setSubOwners(std::string)
                0x0045cfe0                House::getGuests() const
                0x0045d380                House::getDoorOwners(Position const&) const
                0x0045c280                Houses::LoadHouseItems(Game*)
                0x00469630                Houses::AddHouseTile(Game*, House*, Position const&)
                0x00462100                House::setDoorOwners(std::string, Position const&)
                0x004695e0                Houses::Save(Game*)
                0x0045cd40                House::getSubOwners() const
                0x0045ea50                House::getPlayerRights(Position const&, std::string)
                0x004662d0                Houses::SaveHouseItems(Game*)
                0x00465ac0                House::load()
                0x0045d650                House::House(std::string)
                0x0045c160                Houses::LoadContainer(_xmlNode*, Container*)
                0x004682f0                House::save()
                0x0045d280                House::getPlayerRights(std::string)
                0x0045ebe0                House::setOwner(std::string)
                0x0045c250                House::getOwner() const
                0x00460430                House::setGuests(std::string)
                0x00469720                Houses::Load(Game*)
                0x0045c140                House::getFrontDoor() const
                0x0045e050                House::House(std::string)
                0x0045c710                Houses::SaveContainer(_xmlNode*, Container*)
 .text          0x0046a540      0x100 obj/ioaccount.o
                0x0046a620                IOAccount::getPassword(unsigned long, std::string const&, std::string&)
                0x0046a630                IOAccount::saveAccount(Account const&)
                0x0046a540                IOAccount::instance()
                0x0046a600                IOAccount::loadAccount(unsigned long)
 .text          0x0046a640     0x3730 obj/ioaccountxml.o
                0x0046a780                IOAccountXML::saveAccount(Account const&)
                0x0046b2c0                IOAccountXML::getPassword(unsigned long, std::string const&, std::string&)
                0x0046a640                IOAccountXML::IOAccountXML()
                0x0046a6e0                IOAccountXML::IOAccountXML()
                0x0046c930                IOAccountXML::loadAccount(unsigned long)
 .text          0x0046dd70     0x17b0 obj/iomapbin.o
                0x0046f280                IOMapBin::loadMap(Map*, std::string)
                0x0046dd70                IOMapBin::loadOTM(Map*)
 .text          0x0046f520     0x2ab0 obj/iomapotbm.o
                0x0046f5c0                IOMapOTBM::unserializaItemNode(FileLoader*, unsigned long)
                0x004706b0                IOMapOTBM::loadMap(Map*, std::string)
                0x0046f520                IOMapOTBM::unserializaItemAttr(PropStream&)
 .text          0x00471fd0      0xcc0 obj/iomapxml.o
                0x004720f0                IOMapXML::loadMap(Map*, std::string)
                0x00471fd0                IOMapXML::LoadContainer(_xmlNode*, Container*)
 .text          0x00472c90      0x190 obj/ioplayer.o
                0x00472d80                IOPlayer::getNameByGuid(unsigned long, std::string&)
                0x00472d70                IOPlayer::getGuidByName(unsigned long&, unsigned long&, std::string&)
                0x00472c90                IOPlayer::instance()
                0x00472d60                IOPlayer::savePlayer(Player*)
                0x00472d50                IOPlayer::loadPlayer(Player*, std::string)
 .text          0x00472e20     0xc060 obj/ioplayerxml.o
                0x00473080                IOPlayerXML::SaveContainer(_xmlNode*, Container*)
                0x00472e20                IOPlayerXML::IOPlayerXML()
                0x004753c0                IOPlayerXML::loadPlayer(Player*, std::string)
                0x00472ec0                IOPlayerXML::IOPlayerXML()
                0x00472f60                IOPlayerXML::LoadContainer(_xmlNode*, Container*)
                0x004736c0                IOPlayerXML::SaveVIP(Player*)
                0x00474540                IOPlayerXML::LoadVIP(Player*)
                0x00477f00                IOPlayerXML::savePlayer(Player*)
 .text          0x0047ee80     0x7b10 obj/item.o
                0x004802d0                Item::getRWInfo() const
                0x00480030                Item::floorChangeEast() const
                0x00480000                Item::floorChangeSouth() const
                0x0047eea0                Item::isStackable() const
                0x0047f6f0                Item::Item()
                0x00481ec0                Item::decay()
                0x00481000                Item::setSpecialDescription(std::string)
                0x00481770                Teleport::~Teleport()
                0x0047f860                Item::canMovedTo(Tile const*) const
                0x0047f190                Item::Item(Item const&)
                0x0047f650                Item::getDecayTime()
                0x00480300                Item::canDecay()
                0x00481180                Item::~Item()
                0x00481720                Teleport::~Teleport()
                0x00482150                Item::getDescription(bool) const
                0x004805b0                Item::removeGlimmer()
                0x00480540                Item::setGlimmer()
                0x00480f30                Item::getSpecialDescription()
                0x00481140                Item::getName() const
                0x0047f910                Item::isFluidContainer() const
                0x0047ef50                Item::Item(unsigned short)
                0x0047fab0                Item::Item(unsigned short, unsigned short)
                0x00480060                Item::floorChangeWest() const
                0x0047ee80                Item::getID() const
                0x00480100                Item::getWeaponType() const
                0x0047f680                Item::rotate()
                0x00481750                Teleport::~Teleport()
                0x0047ef00                Item::setUniqueId(unsigned short)
                0x0047f7d0                Item::isPickupable() const
                0x00480a70                Teleport::unserialize(_xmlNode*)
                0x00481360                Item::~Item()
                0x00482010                Teleport::Teleport(unsigned short)
                0x0047ffd0                Item::floorChangeNorth() const
                0x004818d0                Item::CreateItem(unsigned short, unsigned short)
                0x00480c00                Item::clearText()
                0x00480cd0                Item::setText(std::string)
                0x00480e60                Item::clearSpecialDescription()
                0x0047f760                Item::Item()
                0x0047f830                Item::isBlocking() const
                0x0047f940                Item::isAlwaysOnTop() const
                0x0047f9a0                Item::isSplash() const
                0x0047eef0                Item::getActionId() const
                0x0047f070                Item::Item(unsigned short)
                0x00480130                Item::getAmuType() const
                0x0047fcc0                Item::Item(unsigned short, unsigned short)
                0x0047fed0                Item::getItemCountOrSubtype() const
                0x0047ee90                Item::setID(unsigned short)
                0x00480330                Item::getWorth() const
                0x0047f9d0                Item::setItemCountOrSubtype(unsigned char)
                0x0047f3f0                Item::Item(Item const&)
                0x00480b30                Item::getText()
                0x00480620                Item::unserialize(_xmlNode*)
                0x00480090                Item::isWeapon() const
                0x00481540                Item::~Item()
                0x0047ff70                Item::isUseable() const
                0x0047ffa0                Item::floorChangeDown() const
                0x00480190                Item::getAttack() const
                0x0047eed0                Item::setActionId(unsigned short)
                0x00480220                Item::getSlotPosition() const
                0x00485710                Teleport::serialize()
                0x00481790                Teleport::Teleport(unsigned short)
                0x004801f0                Item::getDefense() const
                0x00480250                Item::getWeight() const
                0x004801c0                Item::getArmor() const
                0x004841a0                Item::serialize()
                0x0047f800                Item::isNotMoveable() const
                0x0047f970                Item::isGroundTile() const
                0x00480160                Item::getSubfightType() const
                0x0047ef40                Item::getUniqueId() const
 .text          0x00486990      0x280 obj/itemloader.o
                0x00486990                ItemLoader::setProps(unsigned char, void*, unsigned short)
                0x00486b60                ItemLoader::setFlags(unsigned long)
 .text          0x00486c10     0x28f0 obj/items.o
                0x00486c10                ItemType::isGroundTile() const
                0x00486fb0                ItemType::ItemType()
                0x00486c50                ItemType::isTeleport() const
                0x00488170                Items::reverseLookUp(unsigned long)
                0x004870b0                ItemType::ItemType()
                0x00489300                Items::Items()
                0x00489190                Items::Items()
                0x00486c70                ItemType::isMagicField() const
                0x00486cb0                ItemType::isSplash() const
                0x00487c30                Items::~Items()
                0x00486e50                ItemType::~ItemType()
                0x00486cf0                ItemType::~ItemType()
                0x004871b0                Items::operator[](int)
                0x004876f0                Items::~Items()
                0x00487230                Items::loadXMLInfos(std::string)
                0x00486c90                ItemType::isKey() const
                0x00486c30                ItemType::isContainer() const
                0x004881e0                Items::loadFromOtb(std::string)
                0x00486cd0                ItemType::isFluidContainer() const
 .text          0x00489500      0x450 obj/logger.o
                0x00489520                Logger::getInstance()
                0x00489550                Logger::logMessage(std::string, eLogType, int, std::string, std::string, int, std::string)
                0x00489500                Logger::Logger()
                0x00489510                Logger::Logger()
 .text          0x00489950     0x18c0 obj/loginqueue.o
                0x00489a80                LoginQueue::save()
                0x0048b100                LoginQueue::login(int, int, int, int*)
                0x0048a860                LoginQueue::load()
                0x004899f0                LoginQueue::removeDeadEntries()
                0x0048b050                LoginQueue::push(int)
                0x00489950                LoginQueue::findAccount(int, int*, int*)
                0x0048a6f0                LoginQueue::show()
 .text          0x0048b210     0xa0f0 obj/luascript.o
                0x0048b740                LuaScript::getGlobalString(std::string, std::string const&)
                0x0048b310                LuaScript::getField(lua_State*, char const*)
                0x0048b220                LuaScript::getField(char const*)
                0x0048b2b0                LuaScript::setField(char const*, int)
                0x0048b3e0                LuaScript::setGlobalNumber(std::string, int)
                0x0048b450                LuaScript::getGlobalNumber(std::string, int)
                0x00495190                LuaScript::LuaScript()
                0x004948d0                LuaScript::~LuaScript()
                0x00494d30                LuaScript::~LuaScript()
                0x0048b510                LuaScript::getGlobalStringField(std::string, int, std::string const&)
                0x0048b210                LuaScript::setGlobalString(std::string, std::string)
                0x00495200                LuaScript::LuaScript()
                0x0048b390                LuaScript::setField(lua_State*, char const*, int)
                0x0048b960                LuaScript::OpenFile(char const*)
 .text          0x00495300     0x2830 obj/magic.o
                0x00495870                MagicEffectTargetClass::MagicEffectTargetClass()
                0x00495a10                MagicEffectTargetCreatureCondition::MagicEffectTargetCreatureCondition(unsigned long)
                0x00495d40                MagicEffectTargetGroundClass::~MagicEffectTargetGroundClass()
                0x004953d0                MagicEffectClass::causeExhaustion(bool) const
                0x00496950                MagicEffectAreaGroundClass::~MagicEffectAreaGroundClass()
                0x00496190                MagicEffectAreaGroundClass::getDamage(Creature*, Creature const*) const
                0x00496760                MagicEffectTargetExClass::MagicEffectTargetExClass(std::vector<CreatureCondition, std::allocator<CreatureCondition> > const&)
                0x00495800                MagicEffectClass::FailedToCast(Player*, Creature const*, bool, bool) const
                0x004953e0                MagicEffectClass::getDamage(Creature*, Creature const*) const
                0x00496e50                MagicEffectAreaGroundClass::MagicEffectAreaGroundClass(MagicEffectItem*)
                0x00495f30                MagicEffectTargetGroundClass::FailedToCast(Player*, Creature const*, bool, bool) const
                0x00495960                MagicEffectTargetClass::getDistanceShoot(Player*, Creature const*, Position const&, bool) const
                0x00497080                MagicEffectAreaExClass::MagicEffectAreaExClass(std::vector<CreatureCondition, std::allocator<CreatureCondition> > const&)
                0x00496010                MagicEffectTargetGroundClass::getMagicEffect(Player*, Creature const*, Creature const*, Position const&, int, bool, bool) const
                0x004975b0                MagicEffectItem::decay()
                0x004960d0                MagicEffectAreaClass::getMagicEffect(Player*, Creature const*, Creature const*, Position const&, int, bool, bool) const
                0x004964d0                MagicEffectItem::getDamage(Creature*, Creature const*) const
                0x00495b50                MagicEffectTargetCreatureCondition::getMagicEffect(Player*, Creature const*, Creature const*, Position const&, int, bool, bool) const
                0x00495ab0                MagicEffectTargetCreatureCondition::getDamage(Creature*, Creature const*) const
                0x00497890                MagicEffectItem::MagicEffectItem(std::map<unsigned short, std::pair<long, std::vector<CreatureCondition, std::allocator<CreatureCondition> > >, std::less<unsigned short>, std::allocator<std::pair<unsigned short const, std::pair<long, std::vector<CreatureCondition, std::allocator<CreatureCondition> > > > > > const&)
                0x00497620                MagicEffectItem::transform(MagicEffectItem const*)
                0x004953c0                MagicEffectClass::isIndirect() const
                0x00497420                MagicEffectClass::getArea(Position const&, std::vector<Position, std::allocator<Position> >&) const
                0x00495c40                MagicEffectTargetGroundClass::MagicEffectTargetGroundClass(MagicEffectItem*)
                0x004955d0                MagicEffectClass::getMagicEffect(Player*, Creature const*, Creature const*, Position const&, int, bool, bool) const
                0x00497470                MagicEffectItem::buildCondition()
                0x00495740                MagicEffectClass::getDistanceShoot(Player*, Creature const*, Position const&, bool) const
                0x00496d70                MagicEffectAreaClass::MagicEffectAreaClass()
                0x004957f0                MagicEffectClass::canCast(bool, bool) const
                0x004957e0                MagicEffectClass::getMagicItem(Creature const*, bool, bool) const
                0x00496390                MagicEffectAreaExClass::getDamage(Creature*, Creature const*) const
                0x004964a0                MagicEffectItem::getCondition() const
                0x00496ab0                MagicEffectAreaGroundClass::~MagicEffectAreaGroundClass()
                0x00496020                MagicEffectTargetGroundClass::getDistanceShoot(Player*, Creature const*, Position const&, bool) const
                0x00496220                MagicEffectAreaGroundClass::getMagicItem(Creature const*, bool, bool) const
                0x00497250                MagicEffectAreaClass::getArea(Position const&, std::vector<Position, std::allocator<Position> >&) const
                0x00495df0                MagicEffectTargetGroundClass::~MagicEffectTargetGroundClass()
                0x00496de0                MagicEffectAreaClass::MagicEffectAreaClass()
                0x004958b0                MagicEffectTargetClass::getMagicEffect(Player*, Creature const*, Creature const*, Position const&, int, bool, bool) const
                0x00496c10                MagicEffectAreaGroundClass::~MagicEffectAreaGroundClass()
                0x00495c90                MagicEffectTargetGroundClass::~MagicEffectTargetGroundClass()
                0x00496e80                MagicEffectAreaGroundClass::MagicEffectAreaGroundClass(MagicEffectItem*)
                0x00496eb0                MagicEffectAreaExClass::MagicEffectAreaExClass(std::vector<CreatureCondition, std::allocator<CreatureCondition> > const&)
                0x00495380                MagicEffectClass::MagicEffectClass()
                0x00495340                MagicEffectTargetClass::MagicEffectTargetClass()
                0x00495a60                MagicEffectTargetCreatureCondition::MagicEffectTargetCreatureCondition(unsigned long)
                0x00496900                MagicEffectItem::getDecayTime()
                0x004965c0                MagicEffectTargetExClass::MagicEffectTargetExClass(std::vector<CreatureCondition, std::allocator<CreatureCondition> > const&)
                0x00496260                MagicEffectTargetExClass::getDamage(Creature*, Creature const*) const
                0x00497680                MagicEffectItem::MagicEffectItem(std::map<unsigned short, std::pair<long, std::vector<CreatureCondition, std::allocator<CreatureCondition> > >, std::less<unsigned short>, std::allocator<std::pair<unsigned short const, std::pair<long, std::vector<CreatureCondition, std::allocator<CreatureCondition> > > > > > const&)
                0x00495ea0                MagicEffectTargetGroundClass::getMagicItem(Creature const*, bool, bool) const
                0x00495300                MagicEffectClass::MagicEffectClass()
                0x00495bf0                MagicEffectTargetGroundClass::MagicEffectTargetGroundClass(MagicEffectItem*)
                0x00495ee0                MagicEffectTargetGroundClass::canCast(bool, bool) const
 .text          0x00497b30     0x2610 obj/map.o
                0x00497b80                AStarNodes::AStarNodes()
                0x00499e20                Map::setTile(unsigned short, unsigned short, unsigned char)
                0x00498de0                AStarNodes::countOpenNodes()
                0x00499740                Map::getPathTo(Creature*, Position, Position, bool, bool, int)
                0x0049a000                Map::setTile(unsigned short, unsigned short, unsigned char, unsigned short)
                0x00497f20                Map::getTile(unsigned short, unsigned short, unsigned char)
                0x004991b0                Map::~Map()
                0x00498400                Map::removeCreature(Creature*)
                0x00499050                Map::~Map()
                0x00498ec0                AStarNodes::closeNode(AStarNode*)
                0x00499460                Map::Map()
                0x00499310                Map::Map()
                0x004995b0                Map::getSpectators(Range const&, std::list<Creature*, std::allocator<Creature*> >&)
                0x00498f20                AStarNodes::getBestNode()
                0x00498d40                Map::getTile(Position const&)
                0x00497bd0                AStarNodes::AStarNodes()
                0x00497b30                AStarNodes::isInList(unsigned long, unsigned long)
                0x00497fb0                Map::isPathValid(Creature*, std::list<Position, std::allocator<Position> > const&, int, bool)
                0x00498e50                AStarNodes::countClosedNodes()
                0x004980f0                Map::canThrowObjectTo(Position, Position, int)
                0x00498ff0                AStarNodes::createOpenNode()
                0x004984c0                Map::placeCreature(Position&, Creature*)
                0x00497e90                Map::clean()
                0x00497c20                Map::loadMap(std::string, std::string)
 .text          0x0049a140     0x1000 obj/md5.o
                0x0049afc0                MD5Final(MD5_CTX*)
                0x0049aea0                MD5Init(MD5_CTX*, unsigned long)
                0x0049af00                MD5Update(MD5_CTX*, unsigned char const*, unsigned int)
 .text          0x0049b140     0x8160 obj/monster.o
                0x004a20b0                Monster::onThingAppear(Thing const*)
                0x004a0030                Monster::setMaster(Creature*)
                0x004a0a00                Monster::calcMovePosition()
                0x0049e500                Monster::getDescription(bool) const
                0x004a1eb0                Monster::onCreatureEnter(Creature const*, bool)
                0x0049c190                Monster::~Monster()
                0x0049d680                Monster::selectTarget(Creature const*, bool)
                0x0049bc20                Monster::canMoveTo(unsigned short, unsigned short, unsigned char)
                0x0049b310                Monster::getLostExperience()
                0x0049f8f0                Monster::getCloseCombatPosition(Position const&, Position&)
                0x0049bce0                Monster::doMoveTo(int, int)
                0x0049c210                Monster::Monster(MonsterType*, Game*)
                0x0049b240                Monster::isCreatureAttackable(Creature const*)
                0x0049c360                Monster::createMonster(std::string const&, Game*)
                0x0049b230                Monster::getName() const
                0x0049b1d0                Monster::isPushable() const
                0x0049c5c0                Monster::startThink()
                0x0049ffb0                Monster::setAttackedCreature(Creature const*)
                0x0049b1b0                Monster::getDefense() const
                0x0049b380                Monster::validateDistanceAttack(Creature const*)
                0x0049c9d0                Monster::doAttacks(Creature*, monstermode_t)
                0x0049d290                Monster::onAttack()
                0x0049b970                Monster::monsterMoveItem(Item*, int)
                0x0049bca0                Monster::setUpdateMovePos()
                0x0049b140                Monster::getRandom()
                0x004a00e0                Monster::getDistancePosition(Position const&, int const&, bool, Position&)
                0x004a2ff0                Monster::onThingDisappear(Thing const*, unsigned char)
                0x0049b640                Monster::getTargetDistance()
                0x0049c010                Monster::stopThink()
                0x0049c150                Monster::~Monster()
                0x0049c470                Monster::Monster(MonsterType*, Game*)
                0x0049b4b0                Monster::validateDistanceAttack(Position const&)
                0x0049b8e0                Monster::getWeaponDamage() const
                0x004a2030                Monster::onCreatureAppear(Creature const*)
                0x0049c1d0                Monster::~Monster()
                0x0049b340                Monster::isInRange(Position const&)
                0x004a2f60                Monster::onThingMove(Creature const*, Thing const*, Position const*, unsigned char, unsigned char, unsigned char)
                0x0049b190                Monster::getArmor() const
                0x004a21f0                Monster::onThink(int&)
                0x004a2180                Monster::onThingTransform(Thing const*, int)
                0x0049d8e0                Monster::lootMessage(Container*, Player*)
                0x004a2a60                Monster::onCreatureMove(Creature const*, Position const*)
                0x0049b920                Monster::dropLoot(Container*)
                0x004a29a0                Monster::onCreatureLeave(Creature const*)
                0x0049b660                Monster::updateLookDirection()
                0x0049fd70                Monster::isCreatureReachable(Creature const*)
                0x004a2ed0                Monster::onTeleport(Creature const*, Position const*, unsigned char)
                0x0049b5f0                Monster::getCurrentDistanceToTarget(Position const&)
                0x0049f030                Monster::getRandomPosition(Position const&, Position&)
                0x004a3070                Monster::onCreatureDisappear(Creature const*, unsigned char, bool)
                0x004a0ea0                Monster::findTarget(long, bool&, Creature const*)
                0x004a1480                Monster::reThink(bool)
 .text          0x004a32a0     0x6710 obj/monsters.o
                0x004a35e0                Monsters::Monsters()
                0x004a3640                Monsters::Monsters()
                0x004a4280                MonsterType::~MonsterType()
                0x004a53f0                Monsters::loadLootItem(_xmlNode*, LootBlock&)
                0x004a98f0                Monsters::reload()
                0x004a4050                Monsters::~Monsters()
                0x004a3e20                Monsters::~Monsters()
                0x004a36a0                Monsters::getIdByName(std::string const&)
                0x004a4740                MonsterType::reset()
                0x004a3470                MonsterType::createLoot(Container*)
                0x004a56b0                Monsters::loadMonster(std::string const&, std::string const&, bool)
                0x004a32a0                MonsterType::createLootItem(LootBlock const&)
                0x004a8a50                Monsters::loadFromXml(std::string const&, bool)
                0x004a3960                MonsterType::~MonsterType()
                0x004a3330                MonsterType::createLootContainer(Container*, LootBlock const&)
                0x004a4d10                MonsterType::MonsterType()
                0x004a4930                MonsterType::MonsterType()
                0x004a35b0                Monsters::getMonsterType(unsigned long)
                0x004a50f0                Monsters::loadLootContainer(_xmlNode*, LootBlock&)
 .text          0x004a99b0      0xaa0 obj/networkmessage.o
                0x004a9e00                NetworkMessage::AddU32(unsigned int)
                0x004a9a50                NetworkMessage::ReadFromSocket(unsigned int)
                0x004a9dd0                NetworkMessage::AddU16(unsigned short)
                0x004a99b0                NetworkMessage::Reset()
                0x004a99d0                NetworkMessage::NetworkMessage()
                0x004a9cd0                NetworkMessage::GetU32()
                0x004aa080                NetworkMessage::AddItemId(Item const*)
                0x004a9e40                NetworkMessage::AddString(char const*)
                0x004a9da0                NetworkMessage::AddByte(unsigned char)
                0x004a9c40                NetworkMessage::GetByte()
                0x004aa0e0                NetworkMessage::JoinMessages(NetworkMessage&)
                0x004a9c60                NetworkMessage::GetU16()
                0x004aa1d0                NetworkMessage::GetRaw()
                0x004a99f0                NetworkMessage::NetworkMessage()
                0x004a9d10                NetworkMessage::GetPosition()
                0x004a9f30                NetworkMessage::AddItem(unsigned short, unsigned char)
                0x004a9c90                NetworkMessage::GetItemId()
                0x004a9ec0                NetworkMessage::AddPosition(Position const&)
                0x004aa2c0                NetworkMessage::GetString()
                0x004a9a20                NetworkMessage::~NetworkMessage()
                0x004a9fd0                NetworkMessage::AddItem(Item const*)
                0x004a9d80                NetworkMessage::SkipBytes(int)
                0x004aa140                NetworkMessage::AddString(std::string const&)
                0x004a9a30                NetworkMessage::~NetworkMessage()
                0x004a9b30                NetworkMessage::WriteToSocket(unsigned int)
                0x004a9a10                NetworkMessage::~NetworkMessage()
 .text          0x004aa450     0xbb90 obj/npc.o
                0x004aca00                NpcScript::luaSetPlayerGuildNick(lua_State*)
                0x004ab4f0                NpcScript::luaPayMoney(lua_State*)
                0x004ac510                NpcScript::onCreatureDisappear(int)
                0x004ab680                NpcScript::luaGetPlayerStorageValue(lua_State*)
                0x004ae0f0                NpcScript::luaFoundNewGuild(lua_State*)
                0x004af7d0                NpcScript::luaLearnSpell(lua_State*)
                0x004aa680                Npc::doAttack(int)
                0x004ad8f0                NpcScript::luaGetPlayerGuildName(lua_State*)
                0x004b1b30                Npc::~Npc()
                0x004ab950                NpcScript::luaPlayerRemoveItem(lua_State*)
                0x004af210                NpcScript::luaActionSay(lua_State*)
                0x004ab1e0                NpcScript::luaSelfGetPos(lua_State*)
                0x004ab7f0                NpcScript::luaSetPlayerStorageValue(lua_State*)
                0x004ac310                NpcScript::onCreatureSay(int, SpeakClasses, std::string const&)
                0x004ac870                NpcScript::onThink()
                0x004ab0b0                NpcScript::luaCreatureGetPos(lua_State*)
                0x004abac0                NpcScript::luaSetPlayerMasterPos(lua_State*)
                0x004abe50                NpcScript::luaGetPlayerVocation(lua_State*)
                0x004aebc0                NpcScript::luaBuyItem(lua_State*)
                0x004ab420                NpcScript::luaActionAttackCreature(lua_State*)
                0x004ae2f0                NpcScript::luaGetPlayerLevel(lua_State*)
                0x004b1da0                Npc::~Npc()
                0x004b3890                Npc::Npc(std::string const&, Game*)
                0x004aa690                Npc::doMove(int)
                0x004abd20                NpcScript::luaSetPlayerVocation(lua_State*)
                0x004ab030                NpcScript::getNpc(lua_State*)
                0x004b18b0                Npc::~Npc()
                0x004ac230                NpcScript::luaCreatureGetName(lua_State*)
                0x004ac6b0                NpcScript::onCreatureAppear(unsigned long)
                0x004b5450                NpcScript::luaActionMoveTo(lua_State*)
                0x004abf90                NpcScript::luaIsPromoted(lua_State*)
                0x004aa460                Npc::onCreatureAppear(Creature const*)
                0x004aa450                Npc::onThingMove(Player const*, Thing const*, Position const*, unsigned char, unsigned char, unsigned char)
                0x004b5640                Npc::getDescription(bool) const
                0x004aa5f0                Npc::onThink(int&)
                0x004aa490                Npc::onCreatureDisappear(Creature const*, unsigned char, bool)
                0x004aa4c0                Npc::onThingDisappear(Thing const*, unsigned char)
                0x004acef0                NpcScript::luaClearPlayerGuild(lua_State*)
                0x004b2010                Npc::Npc(std::string const&, Game*)
                0x004aa520                Npc::onThingAppear(Thing const*)
                0x004aa5e0                Npc::onCreatureChangeOutfit(Creature const*)
                0x004b0770                NpcScript::NpcScript(std::string, Npc*)
                0x004af560                NpcScript::luaCreatureGetName2(lua_State*)
                0x004ad270                NpcScript::luaSetPlayerGuild(lua_State*)
                0x004adba0                NpcScript::luaSetPlayerGuildStatus(lua_State*)
                0x004b5110                Npc::doMoveTo(Position)
                0x004b1010                NpcScript::NpcScript(std::string, Npc*)
                0x004ab2a0                NpcScript::luaActionMove(lua_State*)
                0x004adf50                NpcScript::luaGetPlayerGuildStatus(lua_State*)
                0x004aa580                Npc::onCreatureTurn(Creature const*, unsigned char)
                0x004ae570                NpcScript::luaSellItem(lua_State*)
                0x004aa750                NpcScript::registerFunctions()
                0x004aa620                Npc::doSay(std::string)
                0x004ac0f0                NpcScript::luaIsPremium(lua_State*)
                0x004aa590                Npc::onCreatureSay(Creature const*, SpeakClasses, std::string const&)
 .text          0x004b5fe0     0xa970 obj/otserv.o
                0x004b6140                isclientBanished(unsigned int)
                0x004b61c0                passwordTest(std::string&, std::string&)
                0x004b74d0                ConnectionHandler(void*)
                0x004b6f60                MakeRejectMessage(int)
                0x004b5fe0                ErrorMessage(char const*)
                0x004ba5b0                main
 .text          0x004c0950    0x13150 obj/player.o
                0x004c3180                Player::sendTextWindow(Item*, unsigned short, bool)
                0x004c0d60                Player::onItemRemoveContainer(Container const*, unsigned char)
                0x004c3500                Player::onThingAppear(Thing const*)
                0x004c3f50                Player::getContainerItem(Container*, int, int)
                0x004c3050                Player::sendTextMessage(MessageClasses, char const*, Position const&, unsigned char) const
                0x004c7e70                Player::~Player()
                0x004c55e0                Player::getExpForNextLevel()
                0x004c59f0                Player::isUsingSpears() const
                0x004c7dc0                Player::getDepot(unsigned long)
                0x004c58e0                Player::isRookie() const
                0x004c7610                Player::onThingMove(Creature const*, Position const&, int, Item const*, int, slots_t, Item const*, int, int)
                0x004c5280                Player::removeCoins(long)
                0x004c57d0                Player::checkSkull(int)
                0x004c0e40                Player::removeItemInventory(int, bool)
                0x004c35a0                Player::onItemAddContainer(Container const*, Item const*)
                0x004c2800                Player::setAcceptTrade(bool)
                0x004c1450                Player::substractMoneyItem(Item*, unsigned long)
                0x004cd360                Player::closeContainer(unsigned char)
                0x004c3540                Player::onThingDisappear(Thing const*, unsigned char)
                0x004c3670                Player::onTeleport(Creature const*, Position const*, unsigned char)
                0x004cc340                Player::addDeath(std::string const&, int, long)
                0x004ccb90                Player::substractMoney(unsigned long)
                0x004c28b0                Player::sendCancelAttacking()
                0x004c5d80                Player::sendHouseWindow(House*, Position const&, rights_t)
                0x004c5530                Player::checkAfk(int)
                0x004c3630                Player::onThink(int&)
                0x004c5ae0                Player::checkLightItem(int)
                0x004c0dd0                Player::updateInventoryWeigth()
                0x004cd490                Player::addDepot(Container*, unsigned long)
                0x004c5510                Player::notAfk()
                0x004c3450                Player::onThingMove(Creature const*, Container const*, unsigned char, Item const*, int, Position const&, Item const*, int, int)
                0x004c7a60                Player::onThingMove(Creature const*, slots_t, Item const*, int, slots_t, Item const*, int, int)
                0x004c35f0                Player::onCreatureSay(Creature const*, SpeakClasses, std::string const&)
                0x004c2900                Player::sendStats()
                0x004d1870                Player::addSkillTryInternal(int, int)
                0x004c7100                Player::sendIcons()
                0x004c5ba0                Player::checkPremium(int)
                0x004cef90                Player::die()
                0x004c3160                Player::sendCloseTrade()
                0x004c9380                Player::~Player()
                0x004c5920                Player::setVocation(playervoc_t)
                0x004c3470                Player::onThingMove(Creature const*, Position const&, int, Item const*, int, Container const*, unsigned char, Item const*, int, int)
                0x004c2880                Player::sendToChannel(Creature*, SpeakClasses, std::string const&, unsigned short)
                0x004c3cd0                Player::getContainerCoins(Container*, unsigned long)
                0x004c3030                Player::flushMsg()
                0x004c5d20                Player::getContainer(unsigned char)
                0x004c5890                Player::onSkull(Player*)
                0x004c31f0                Player::NeedUpdateStats()
                0x004cd550                Player::receiveHouseWindow(std::string)
                0x004c6c00                Player::notifyLogOut(Player*)
                0x004c31b0                Player::sendCloseContainer(unsigned char)
                0x004d37b0                Player::learnSpell(std::string const&)
                0x004c3100                Player::sendMagicEffect(Position const&, unsigned char)
                0x004c1ee0                Player::getSubFightType()
                0x004c72c0                Player::checkRing(int)
                0x004c58b0                Player::onPartyIcons(Player const*, int, bool, bool)
                0x004d2600                Player::addSkillShieldTry(int)
                0x004c4f80                Player::removeContainerCoins(Container*, long)
                0x004d2a40                Player::getDescription(bool) const
                0x004c3080                Player::sendPing()
                0x004c3520                Player::onThingTransform(Thing const*, int)
                0x004ca960                Player::Player(std::string const&, Protocol*)
                0x004c28e0                Player::sendCancelWalk() const
                0x004c27c0                Player::CanSee(int, int, int) const
                0x004cca60                Player::addVIP(unsigned long, std::string&, bool, bool)
                0x004c2220                Player::getFightType()
                0x004cbb10                Player::removeItem(unsigned short, long)
                0x004c5d50                Player::getContainerID(Container const*) const
                0x004c1c10                Player::dropLoot(Container*)
                0x004c3650                Player::onTileUpdated(Position const&)
                0x004c36f0                Player::preSave()
                0x004c0d80                Player::sendInventory(unsigned char)
                0x004c5c30                Player::sendPlayerLightLevel(Player*)
                0x004c1760                Player::removeItem(Item*, bool)
                0x004c15f0                Player::internalRemoveItemContainer(Container*, Item*, bool)
                0x004c6470                Player::sendAnimatedText(Position const&, unsigned char, std::string)
                0x004d02e0                Player::addExp(long long)
                0x004c1e20                Player::GetDistWeapon() const
                0x004cb830                Player::getMoney()
                0x004c31d0                Player::sendContainer(unsigned char, Container*)
                0x004c69c0                Player::sendVipLogin(std::string)
                0x004d0e50                Player::addManaSpent(unsigned long long)
                0x004c33c0                Player::onThingMove(Creature const*, Thing const*, Position const*, unsigned char, unsigned char, unsigned char)
                0x004c1890                Player::getReqSkillTries(int, int, playervoc_t)
                0x004c10c0                Player::getFreeSlot(Container**, unsigned char&, Item const*)
                0x004c9e00                Player::Player(std::string const&, Protocol*)
                0x004c1a00                Player::getPlayerInfo(playerinfo_t) const
                0x004c36d0                Player::getIP() const
                0x004c56d0                Player::getManaForNextMLevel()
                0x004c6e80                Player::notifyLogIn(Player*)
                0x004c1200                Player::addItem(Item*, bool)
                0x004c44c0                Player::TLMaddItem(int, unsigned char)
                0x004c3b20                Player::gainHealthTick()
                0x004c1010                Player::getFreeContainerSlot(Container*)
                0x004c3490                Player::onCreatureAppear(Creature const*)
                0x004d3680                Player::addContainer(unsigned char, Container*)
                0x004c0db0                Player::onItemUpdateContainer(Container const*, Item const*, unsigned char)
                0x004c7d60                Player::getStorageValue(unsigned long, long&) const
                0x004c67d0                Player::sendVipLogout(std::string)
                0x004c3e30                Player::getCoins(unsigned long)
                0x004c09a0                Player::getItem(int) const
                0x004cd3b0                Player::removeList()
                0x004c7be0                Player::onThingMove(Creature const*, slots_t, Item const*, int, Container const*, unsigned char, Item const*, int, int)
                0x004c3970                Player::kickPlayer()
                0x004c1bf0                Player::getLookCorpse()
                0x004c3140                Player::sendTradeItemRequest(Player const*, Item const*, bool)
                0x004c5cb0                Player::setGuildInfo(gstat_t, unsigned long, std::string, std::string, std::string)
                0x004c3420                Player::onThingMove(Creature const*, Container const*, unsigned char, Item const*, int, Container*, unsigned char, Item const*, int, int)
                0x004c34c0                Player::onCreatureDisappear(Creature const*, unsigned char, bool)
                0x004c0a80                Player::getArmor() const
                0x004c3990                Player::gainManaTick()
                0x004c78f0                Player::onThingMove(Creature const*, Container const*, unsigned char, Item const*, int, slots_t, Item const*, int, int)
                0x004c3010                Player::sendTextMessage(MessageClasses, char const*) const
                0x004c1a90                Player::getReqMana(long long, playervoc_t)
                0x004c7780                Player::onThingMove(Creature const*, slots_t, Item const*, int, Position const&, Item const*, int, int)
                0x004c2340                Player::getWeaponDamage() const
                0x004c5c50                Player::getWandId() const
                0x004c4150                Player::removeContainerItem(Container*, int, int)
                0x004c0ba0                Player::getDefense() const
                0x004c5a60                Player::isUsingBurstArrows() const
                0x004c4e70                Player::payBack(unsigned long)
                0x004c35c0                Player::onCreatureTurn(Creature const*, unsigned char)
                0x004c65e0                Player::getSkillName(int)
                0x004c7530                Player::checkBoh()
                0x004c09c0                Player::getSkill(skills_t, skillsid_t) const
                0x004cb4c0                Player::getItemCount(unsigned short)
                0x004c5bd0                Player::sendWorldLightLevel(unsigned char, unsigned char)
                0x004c8900                Player::~Player()
                0x004c3610                Player::onCreatureChangeOutfit(Creature const*)
                0x004c2860                Player::sendChangeSpeed(Creature*)
                0x004d3710                Player::addList()
                0x004c30c0                Player::receivePing()
                0x004c3580                Player::onThingRemove(Thing const*)
                0x004c4360                Player::removeItem(int, int)
                0x004c0f20                Player::addItemInventory(Item*, int, bool)
                0x004d2680                Player::addSkillTry(int)
                0x004c6bb0                Player::knowsSpell(std::string const&) const
                0x004c2840                Player::sendCancel(char const*) const
                0x004cd420                Player::addStorageValue(unsigned long, long)
                0x004c0950                Player::isPushable() const
                0x004c7e00                Player::removeVIP(unsigned long)
                0x004c1b70                Player::isHoldingContainer(Container const*) const
                0x004c3120                Player::sendCreatureHealth(Creature const*)
                0x004c30e0                Player::sendDistanceShoot(Position const&, Position const&, unsigned char)
                0x004c4080                Player::getItem(int, int)
                0x004c2030                Player::removeDistItem()
 .text          0x004d3aa0      0x300 obj/position.o
                0x004d3aa0                operator<<(std::ostream&, Direction const&)
                0x004d3b10                operator<<(std::ostream&, Position const&)
 .text          0x004d3da0      0x2d0 obj/protocol.o
                0x004d3dc0                Protocol::Protocol()
                0x004d3de0                Protocol::~Protocol()
                0x004d3f60                Protocol::sleepTillMove()
                0x004d3ea0                Protocol::~Protocol()
                0x004d3f40                Protocol::setPlayer(Player*)
                0x004d3f00                Protocol::getIP() const
                0x004d3da0                Protocol::Protocol()
                0x004d3e40                Protocol::~Protocol()
 .text          0x004d4070    0x171c0 obj/protocol76.o
                0x004d40f0                Protocol76::parseGetChannels(NetworkMessage&)
                0x004da050                Protocol76::sendOpenPriv(std::string const&)
                0x004da410                Protocol76::sendPlayerLightLevel(Player const*)
                0x004defd0                Protocol76::sendThingAppear(Thing const*)
                0x004dcce0                Protocol76::parseAddVip(NetworkMessage&)
                0x004e7fe0                Protocol76::sendThingRemove(Thing const*)
                0x004d5c00                Protocol76::AddPlayerSkills(NetworkMessage&, Player const*)
                0x004d5800                Protocol76::AddAnimatedText(NetworkMessage&, Position const&, unsigned char, std::string)
                0x004d4950                Protocol76::parseTurnNorth(NetworkMessage&)
                0x004dd9c0                Protocol76::parseOpenPriv(NetworkMessage&)
                0x004e7e30                Protocol76::autoCloseContainers(Container const*, NetworkMessage&)
                0x004d8a70                Protocol76::sendTileUpdated(Position const&)
                0x004d4c50                Protocol76::parseBattleWindow(NetworkMessage&)
                0x004d4fb0                Protocol76::parseThrow(NetworkMessage&)
                0x004d97b0                Protocol76::sendStats()
                0x004ddcf0                Protocol76::parseOpenChannel(NetworkMessage&)
                0x004d63f0                Protocol76::flushOutputBuffer()
                0x004d4560                Protocol76::parseMoveNorthEast(NetworkMessage&)
                0x004d70f0                Protocol76::sendCreatureHealth(Creature const*)
                0x004dc9f0                Protocol76::sendCreatureSay(Creature const*, SpeakClasses, std::string const&)
                0x004d7650                Protocol76::sendPing()
                0x004d57a0                Protocol76::AddTextMessage(NetworkMessage&, MessageClasses, char const*)
                0x004d7e80                Protocol76::sendCancelWalk()
                0x004d4140                Protocol76::parseCancelMove(NetworkMessage&)
                0x004d8820                Protocol76::sendThingMove(Creature const*, slots_t, Item const*, int, slots_t, Item const*, int, int)
                0x004d42c0                Protocol76::parseDebug(NetworkMessage&)
                0x004d44b0                Protocol76::parseMoveSouthEast(NetworkMessage&)
                0x004d8c30                Protocol76::sendNetworkMessage(NetworkMessage*)
                0x004d4110                Protocol76::parseModes(NetworkMessage&)
                0x004de3e0                Protocol76::~Protocol76()
                0x004e0240                Protocol76::parseMoveByMouse(NetworkMessage&)
                0x004d5ff0                Protocol76::AddCreatureHealth(NetworkMessage&, Creature const*)
                0x004dc400                Protocol76::sendAnimatedText(Position const&, unsigned char, std::string)
                0x004d4e50                Protocol76::parseCloseContainer(NetworkMessage&)
                0x004d5ef0                Protocol76::AddCreatureSpeak(NetworkMessage&, Creature const*, SpeakClasses, std::string, unsigned short)
                0x004d4400                Protocol76::parseMoveSouthWest(NetworkMessage&)
                0x004d95f0                Protocol76::sendTextMessage(MessageClasses, char const*)
                0x004d9970                Protocol76::sendInventory(unsigned char)
                0x004d5760                Protocol76::CanSee(Creature const*) const
                0x004dbbb0                Protocol76::parseHouseWindow(NetworkMessage&)
                0x004d4610                Protocol76::parseMoveWest(NetworkMessage&)
                0x004d6f00                Protocol76::sendItemAddContainer(Container const*, Item const*)
                0x004d6b10                Protocol76::sendItemUpdateContainer(Container const*, Item const*, unsigned char)
                0x004d6d10                Protocol76::sendItemRemoveContainer(Container const*, unsigned char)
                0x004d47f0                Protocol76::parseMoveNorth(NetworkMessage&)
                0x004dacd0                Protocol76::sendThingTransform(Thing const*, int)
                0x004e09f0                Protocol76::sendChannelsDialog()
                0x004d4ea0                Protocol76::parseUpArrowContainer(NetworkMessage&)
                0x004d4350                Protocol76::parseMoveNorthWest(NetworkMessage&)
                0x004da620                Protocol76::sendSkull(Creature const*)
                0x004d40b0                Protocol76::parseLogout(NetworkMessage&)
                0x004db510                Protocol76::elemParseRemoveVip(NetworkMessage&)
                0x004d46b0                Protocol76::parseMoveSouth(NetworkMessage&)
                0x004dce80                Protocol76::parseTextWindow(NetworkMessage&)
                0x004d85b0                Protocol76::sendCreatureTurn(Creature const*, unsigned char)
                0x004d93f0                Protocol76::sendTextMessage(MessageClasses, char const*, Position const&, unsigned char)
                0x004da220                Protocol76::sendWorldLightLevel(unsigned char, unsigned char)
                0x004e8cf0                Protocol76::sendThingMove(Creature const*, Position const&, int, Item const*, int, slots_t, Item const*, int, int)
                0x004d55b0                Protocol76::parseRemVip(NetworkMessage&)
                0x004d5590                Protocol76::parseCloseTrade()
                0x004e4b90                Protocol76::parseLookAt(NetworkMessage&)
                0x004d9b40                Protocol76::sendSetOutfit(Creature const*)
                0x004d8cb0                Protocol76::sendCloseContainer(unsigned char)
                0x004dc6f0                Protocol76::sendToChannel(Creature const*, SpeakClasses, std::string const&, unsigned short)
                0x004de610                Protocol76::~Protocol76()
                0x004e0410                Protocol76::sendTradeItemRequest(Player const*, Item const*, bool)
                0x004d6570                Protocol76::sendVIP(unsigned long, std::string const&, bool)
                0x004d4890                Protocol76::parseTurnWest(NetworkMessage&)
                0x004d5530                Protocol76::parseLookInTrade(NetworkMessage&)
                0x004d83e0                Protocol76::sendCancel(char const*)
                0x004db060                Protocol76::sendThingMove(Creature const*, slots_t, Item const*, int, Container const*, unsigned char, Item const*, int, int)
                0x004d7800                Protocol76::sendSkills()
                0x004e3620                Protocol76::parseInviteParty(NetworkMessage&)
                0x004dd560                Protocol76::sendContainer(unsigned char, Container*)
                0x004ea220                Protocol76::sendThingMove(Creature const*, Container const*, unsigned char, Item const*, int, slots_t, Item const*, int, int)
                0x004d58d0                Protocol76::AddDistanceShoot(NetworkMessage&, Position const&, Position const&, unsigned char)
                0x004e8240                Protocol76::sendThingMove(Creature const*, Thing const*, Position const*, unsigned char, unsigned char, unsigned char, bool)
                0x004d4ae0                Protocol76::parseUseItemEx(NetworkMessage&)
                0x004d6390                Protocol76::RemoveItemContainer(NetworkMessage&, unsigned char, unsigned char)
                0x004de500                Protocol76::~Protocol76()
                0x004d48d0                Protocol76::parseTurnSouth(NetworkMessage&)
                0x004d55e0                Protocol76::parseRotateItem(NetworkMessage&)
                0x004de720                Protocol76::Protocol76(unsigned int)
                0x004d64e0                Protocol76::WriteBuffer(NetworkMessage&)
                0x004e9800                Protocol76::sendThingMove(Creature const*, slots_t, Item const*, int, Position const&, Item const*, int, int)